V1-RAS diagnostic out8x: center=132,2 res=800x600 scale=8 settle=360f clean-static
world-screenshot OpenTTD: bin=/home/cristian/repos/propios/ProyectoOpenTtd/openttdrs/reference/openttd-upstream/build/openttd sav=/home/cristian/repos/propios/ProyectoOpenTtd/openttdrs/save/Kale_TitleGame.sav out=/tmp/openttdrs-v1-raster-settled.idbuWp/diagnostics/out8x/reference.png center=132,2 res=800x600 scale=8 clean=1 sort=off gfx=opengfx blitter=8bpp-simple
OK: referencia raster OpenTTD escrita en /tmp/openttdrs-v1-raster-settled.idbuWp/diagnostics/out8x/reference.png
world-screenshot openttdrs: sav=/home/cristian/repos/propios/ProyectoOpenTtd/openttdrs/save/Kale_TitleGame.sav out=/tmp/openttdrs-v1-raster-settled.idbuWp/diagnostics/out8x/candidate.png center=132,2 res=800x600 scale=8 settle=360f clean=1 sort=off
OK: candidata raster openttdrs escrita en /tmp/openttdrs-v1-raster-settled.idbuWp/diagnostics/out8x/candidate.png
{
  "acceptance": {
    "changed_pixels": null,
    "changed_ratio": null,
    "enabled": false,
    "meaning": "si est\u00e1 habilitado, exige que ning\u00fan p\u00edxel alineado supere el delta m\u00e1ximo indicado; no reemplaza la m\u00e9trica exacta",
    "outside_candidate_pixels": null,
    "passed": null,
    "pixel_tolerance": null
  },
  "alignment": {
    "candidate_translation": [
      0,
      0
    ],
    "meaning": "traslaci\u00f3n aplicada a la candidata: +x derecha, +y abajo",
    "sample_stride_px": 1,
    "search_radius_px": 0
  },
  "artifacts": {
    "candidate": {
      "path": "/tmp/openttdrs-v1-raster-settled.idbuWp/diagnostics/out8x/candidate.png",
      "sha256": "5cfc2e70f7705e6f0b9713d2c6c98c243218b9f9d7ee07c67ee41d7be5e679a8"
    },
    "diff": {
      "path": "/tmp/openttdrs-v1-raster-settled.idbuWp/diagnostics/out8x/diff.png",
      "sha256": "b27b835318feb97d3b496032ae02a44868bf3464fb85d7338cbb2edd3d80b5b6"
    },
    "reference": {
      "path": "/tmp/openttdrs-v1-raster-settled.idbuWp/diagnostics/out8x/reference.png",
      "sha256": "5112108334311ec6accae507f9b564c89f10d50112663fa47b0322ccdd438ac5"
    }
  },
  "capture": {
    "candidate_graphics": "OpenGFX \u00b7 8bpp",
    "center": [
      132,
      2
    ],
    "openttd_zoom": "Out8x",
    "openttdrs_orthographic_scale": 8.0,
    "pixel_tolerances": [
      0,
      2,
      4,
      8,
      16,
      32,
      64
    ],
    "profile": "clean-static",
    "reference_graphics": "OpenGFX 8.0 \u00b7 8bpp",
    "requested_resolution": [
      800,
      600
    ]
  },
  "hotspots": {
    "cell_size_px": 64,
    "cells_with_difference": 130,
    "meaning": "regiones de pantalla ordenadas por p\u00edxeles distintos; no implican una tesela \u00fanica porque sprites altos pueden cubrir varias teselas",
    "reported_cells": [
      {
        "bounds": [
          576,
          128,
          640,
          192
        ],
        "changed_pixels": 961,
        "changed_ratio": 0.234619140625,
        "max_channel_delta": 180,
        "mean_channel_delta": 6.4666748046875,
        "total_pixels": 4096
      },
      {
        "bounds": [
          320,
          384,
          384,
          448
        ],
        "changed_pixels": 936,
        "changed_ratio": 0.228515625,
        "max_channel_delta": 224,
        "mean_channel_delta": 9.567138671875,
        "total_pixels": 4096
      },
      {
        "bounds": [
          640,
          384,
          704,
          448
        ],
        "changed_pixels": 931,
        "changed_ratio": 0.227294921875,
        "max_channel_delta": 184,
        "mean_channel_delta": 6.61712646484375,
        "total_pixels": 4096
      },
      {
        "bounds": [
          0,
          192,
          64,
          256
        ],
        "changed_pixels": 927,
        "changed_ratio": 0.226318359375,
        "max_channel_delta": 240,
        "mean_channel_delta": 8.3375244140625,
        "total_pixels": 4096
      },
      {
        "bounds": [
          320,
          256,
          384,
          320
        ],
        "changed_pixels": 927,
        "changed_ratio": 0.226318359375,
        "max_channel_delta": 240,
        "mean_channel_delta": 7.84222412109375,
        "total_pixels": 4096
      },
      {
        "bounds": [
          640,
          192,
          704,
          256
        ],
        "changed_pixels": 908,
        "changed_ratio": 0.2216796875,
        "max_channel_delta": 204,
        "mean_channel_delta": 5.945556640625,
        "total_pixels": 4096
      },
      {
        "bounds": [
          0,
          256,
          64,
          320
        ],
        "changed_pixels": 906,
        "changed_ratio": 0.22119140625,
        "max_channel_delta": 240,
        "mean_channel_delta": 7.388671875,
        "total_pixels": 4096
      },
      {
        "bounds": [
          640,
          128,
          704,
          192
        ],
        "changed_pixels": 904,
        "changed_ratio": 0.220703125,
        "max_channel_delta": 196,
        "mean_channel_delta": 6.117431640625,
        "total_pixels": 4096
      },
      {
        "bounds": [
          448,
          128,
          512,
          192
        ],
        "changed_pixels": 903,
        "changed_ratio": 0.220458984375,
        "max_channel_delta": 168,
        "mean_channel_delta": 6.17034912109375,
        "total_pixels": 4096
      },
      {
        "bounds": [
          640,
          448,
          704,
          512
        ],
        "changed_pixels": 900,
        "changed_ratio": 0.2197265625,
        "max_channel_delta": 196,
        "mean_channel_delta": 5.84405517578125,
        "total_pixels": 4096
      },
      {
        "bounds": [
          704,
          448,
          768,
          512
        ],
        "changed_pixels": 897,
        "changed_ratio": 0.218994140625,
        "max_channel_delta": 180,
        "mean_channel_delta": 6.07696533203125,
        "total_pixels": 4096
      },
      {
        "bounds": [
          384,
          256,
          448,
          320
        ],
        "changed_pixels": 887,
        "changed_ratio": 0.216552734375,
        "max_channel_delta": 240,
        "mean_channel_delta": 8.02191162109375,
        "total_pixels": 4096
      },
      {
        "bounds": [
          704,
          192,
          768,
          256
        ],
        "changed_pixels": 878,
        "changed_ratio": 0.21435546875,
        "max_channel_delta": 240,
        "mean_channel_delta": 6.01800537109375,
        "total_pixels": 4096
      },
      {
        "bounds": [
          192,
          256,
          256,
          320
        ],
        "changed_pixels": 863,
        "changed_ratio": 0.210693359375,
        "max_channel_delta": 240,
        "mean_channel_delta": 8.60736083984375,
        "total_pixels": 4096
      },
      {
        "bounds": [
          640,
          512,
          704,
          576
        ],
        "changed_pixels": 857,
        "changed_ratio": 0.209228515625,
        "max_channel_delta": 212,
        "mean_channel_delta": 7.1943359375,
        "total_pixels": 4096
      },
      {
        "bounds": [
          576,
          192,
          640,
          256
        ],
        "changed_pixels": 855,
        "changed_ratio": 0.208740234375,
        "max_channel_delta": 196,
        "mean_channel_delta": 5.712890625,
        "total_pixels": 4096
      },
      {
        "bounds": [
          640,
          64,
          704,
          128
        ],
        "changed_pixels": 853,
        "changed_ratio": 0.208251953125,
        "max_channel_delta": 196,
        "mean_channel_delta": 6.5235595703125,
        "total_pixels": 4096
      },
      {
        "bounds": [
          64,
          384,
          128,
          448
        ],
        "changed_pixels": 828,
        "changed_ratio": 0.2021484375,
        "max_channel_delta": 240,
        "mean_channel_delta": 8.05291748046875,
        "total_pixels": 4096
      },
      {
        "bounds": [
          256,
          320,
          320,
          384
        ],
        "changed_pixels": 824,
        "changed_ratio": 0.201171875,
        "max_channel_delta": 184,
        "mean_channel_delta": 7.317626953125,
        "total_pixels": 4096
      },
      {
        "bounds": [
          128,
          320,
          192,
          384
        ],
        "changed_pixels": 815,
        "changed_ratio": 0.198974609375,
        "max_channel_delta": 240,
        "mean_channel_delta": 7.1600341796875,
        "total_pixels": 4096
      },
      {
        "bounds": [
          192,
          320,
          256,
          384
        ],
        "changed_pixels": 794,
        "changed_ratio": 0.19384765625,
        "max_channel_delta": 240,
        "mean_channel_delta": 7.70172119140625,
        "total_pixels": 4096
      },
      {
        "bounds": [
          512,
          256,
          576,
          320
        ],
        "changed_pixels": 779,
        "changed_ratio": 0.190185546875,
        "max_channel_delta": 196,
        "mean_channel_delta": 5.21160888671875,
        "total_pixels": 4096
      },
      {
        "bounds": [
          384,
          384,
          448,
          448
        ],
        "changed_pixels": 770,
        "changed_ratio": 0.18798828125,
        "max_channel_delta": 240,
        "mean_channel_delta": 7.820068359375,
        "total_pixels": 4096
      },
      {
        "bounds": [
          576,
          256,
          640,
          320
        ],
        "changed_pixels": 770,
        "changed_ratio": 0.18798828125,
        "max_channel_delta": 184,
        "mean_channel_delta": 5.1884765625,
        "total_pixels": 4096
      }
    ],
    "truncated": true
  },
  "kind": "focused-world-screenshot",
  "metrics": {
    "aligned": {
      "by_pixel_tolerance": {
        "0": {
          "changed_pixels": 71383,
          "changed_ratio": 0.14871458333333334,
          "changed_ratio_in_overlap": 0.14871458333333334,
          "meaning": "p\u00edxeles con delta m\u00e1ximo de canal > 0, incluyendo cobertura ausente",
          "outside_candidate_pixels": 0,
          "tolerance": 0
        },
        "16": {
          "changed_pixels": 68681,
          "changed_ratio": 0.14308541666666666,
          "changed_ratio_in_overlap": 0.14308541666666666,
          "meaning": "p\u00edxeles con delta m\u00e1ximo de canal > 16, incluyendo cobertura ausente",
          "outside_candidate_pixels": 0,
          "tolerance": 16
        },
        "2": {
          "changed_pixels": 71074,
          "changed_ratio": 0.14807083333333335,
          "changed_ratio_in_overlap": 0.14807083333333335,
          "meaning": "p\u00edxeles con delta m\u00e1ximo de canal > 2, incluyendo cobertura ausente",
          "outside_candidate_pixels": 0,
          "tolerance": 2
        },
        "32": {
          "changed_pixels": 58647,
          "changed_ratio": 0.12218125,
          "changed_ratio_in_overlap": 0.12218125,
          "meaning": "p\u00edxeles con delta m\u00e1ximo de canal > 32, incluyendo cobertura ausente",
          "outside_candidate_pixels": 0,
          "tolerance": 32
        },
        "4": {
          "changed_pixels": 71074,
          "changed_ratio": 0.14807083333333335,
          "changed_ratio_in_overlap": 0.14807083333333335,
          "meaning": "p\u00edxeles con delta m\u00e1ximo de canal > 4, incluyendo cobertura ausente",
          "outside_candidate_pixels": 0,
          "tolerance": 4
        },
        "64": {
          "changed_pixels": 33188,
          "changed_ratio": 0.06914166666666667,
          "changed_ratio_in_overlap": 0.06914166666666667,
          "meaning": "p\u00edxeles con delta m\u00e1ximo de canal > 64, incluyendo cobertura ausente",
          "outside_candidate_pixels": 0,
          "tolerance": 64
        },
        "8": {
          "changed_pixels": 71013,
          "changed_ratio": 0.14794375,
          "changed_ratio_in_overlap": 0.14794375,
          "meaning": "p\u00edxeles con delta m\u00e1ximo de canal > 8, incluyendo cobertura ausente",
          "outside_candidate_pixels": 0,
          "tolerance": 8
        }
      },
      "candidate_size": [
        800,
        600
      ],
      "candidate_translation": [
        0,
        0
      ],
      "changed_pixels": 71383,
      "changed_ratio": 0.14871458333333334,
      "changed_ratio_in_overlap": 0.14871458333333334,
      "max_channel_delta": 248,
      "mean_channel_delta": 5.1853,
      "outside_candidate_pixels": 0,
      "overlap_pixels": 480000,
      "reference_size": [
        800,
        600
      ],
      "total_pixels": 480000
    },
    "raw": {
      "by_pixel_tolerance": {
        "0": {
          "changed_pixels": 71383,
          "changed_ratio": 0.14871458333333334,
          "changed_ratio_in_overlap": 0.14871458333333334,
          "meaning": "p\u00edxeles con delta m\u00e1ximo de canal > 0, incluyendo cobertura ausente",
          "outside_candidate_pixels": 0,
          "tolerance": 0
        },
        "16": {
          "changed_pixels": 68681,
          "changed_ratio": 0.14308541666666666,
          "changed_ratio_in_overlap": 0.14308541666666666,
          "meaning": "p\u00edxeles con delta m\u00e1ximo de canal > 16, incluyendo cobertura ausente",
          "outside_candidate_pixels": 0,
          "tolerance": 16
        },
        "2": {
          "changed_pixels": 71074,
          "changed_ratio": 0.14807083333333335,
          "changed_ratio_in_overlap": 0.14807083333333335,
          "meaning": "p\u00edxeles con delta m\u00e1ximo de canal > 2, incluyendo cobertura ausente",
          "outside_candidate_pixels": 0,
          "tolerance": 2
        },
        "32": {
          "changed_pixels": 58647,
          "changed_ratio": 0.12218125,
          "changed_ratio_in_overlap": 0.12218125,
          "meaning": "p\u00edxeles con delta m\u00e1ximo de canal > 32, incluyendo cobertura ausente",
          "outside_candidate_pixels": 0,
          "tolerance": 32
        },
        "4": {
          "changed_pixels": 71074,
          "changed_ratio": 0.14807083333333335,
          "changed_ratio_in_overlap": 0.14807083333333335,
          "meaning": "p\u00edxeles con delta m\u00e1ximo de canal > 4, incluyendo cobertura ausente",
          "outside_candidate_pixels": 0,
          "tolerance": 4
        },
        "64": {
          "changed_pixels": 33188,
          "changed_ratio": 0.06914166666666667,
          "changed_ratio_in_overlap": 0.06914166666666667,
          "meaning": "p\u00edxeles con delta m\u00e1ximo de canal > 64, incluyendo cobertura ausente",
          "outside_candidate_pixels": 0,
          "tolerance": 64
        },
        "8": {
          "changed_pixels": 71013,
          "changed_ratio": 0.14794375,
          "changed_ratio_in_overlap": 0.14794375,
          "meaning": "p\u00edxeles con delta m\u00e1ximo de canal > 8, incluyendo cobertura ausente",
          "outside_candidate_pixels": 0,
          "tolerance": 8
        }
      },
      "candidate_size": [
        800,
        600
      ],
      "candidate_translation": [
        0,
        0
      ],
      "changed_pixels": 71383,
      "changed_ratio": 0.14871458333333334,
      "changed_ratio_in_overlap": 0.14871458333333334,
      "max_channel_delta": 248,
      "mean_channel_delta": 5.1853,
      "outside_candidate_pixels": 0,
      "overlap_pixels": 480000,
      "reference_size": [
        800,
        600
      ],
      "total_pixels": 480000
    }
  },
  "save": {
    "path": "save/Kale_TitleGame.sav",
    "sha256": "584d98c3d1dc389e938ce92aa357cc4a1c179bf9849133f9b85d2e956f3e0a69"
  },
  "schema_version": 1,
  "status": "different"
}
OK: comparación focalizada escrita en /tmp/openttdrs-v1-raster-settled.idbuWp/diagnostics/out8x
  referencia: /tmp/openttdrs-v1-raster-settled.idbuWp/diagnostics/out8x/reference.png
  candidata:  /tmp/openttdrs-v1-raster-settled.idbuWp/diagnostics/out8x/candidate.png
  diff:       /tmp/openttdrs-v1-raster-settled.idbuWp/diagnostics/out8x/diff.png
  reporte:    /tmp/openttdrs-v1-raster-settled.idbuWp/diagnostics/out8x/report.json
  tolerancias: 0,2,4,8,16,32,64
