V1-RAS diagnostic in2x: center=132,2 res=800x600 scale=0.5 settle=360f clean-static
world-screenshot OpenTTD: bin=/home/cristian/repos/propios/ProyectoOpenTtd/openttdrs/reference/openttd-upstream/build/openttd sav=/home/cristian/repos/propios/ProyectoOpenTtd/openttdrs/save/Kale_TitleGame.sav out=/tmp/openttdrs-v1-raster-48f4d9a9/diagnostics/in2x/reference.png center=132,2 res=800x600 scale=0.5 clean=1 sort=off gfx=opengfx blitter=8bpp-simple
OK: referencia raster OpenTTD escrita en /tmp/openttdrs-v1-raster-48f4d9a9/diagnostics/in2x/reference.png
world-screenshot openttdrs: sav=/home/cristian/repos/propios/ProyectoOpenTtd/openttdrs/save/Kale_TitleGame.sav out=/tmp/openttdrs-v1-raster-48f4d9a9/diagnostics/in2x/candidate.png center=132,2 res=800x600 scale=0.5 settle=360f clean=1 sort=off
OK: candidata raster openttdrs escrita en /tmp/openttdrs-v1-raster-48f4d9a9/diagnostics/in2x/candidate.png
{
  "acceptance": {
    "changed_pixels": null,
    "changed_ratio": null,
    "enabled": false,
    "meaning": "si est\u00e1 habilitado, exige que ning\u00fan p\u00edxel alineado supere el delta m\u00e1ximo indicado; no reemplaza la m\u00e9trica exacta",
    "outside_candidate_pixels": null,
    "passed": null,
    "pixel_tolerance": null
  },
  "alignment": {
    "candidate_translation": [
      0,
      0
    ],
    "meaning": "traslaci\u00f3n aplicada a la candidata: +x derecha, +y abajo",
    "sample_stride_px": 1,
    "search_radius_px": 0
  },
  "artifacts": {
    "candidate": {
      "path": "/tmp/openttdrs-v1-raster-48f4d9a9/diagnostics/in2x/candidate.png",
      "sha256": "e5cdec9a99d36bc970f124eebfb1a60744beb5d67b04c6da5671de2067ac53d3"
    },
    "diff": {
      "path": "/tmp/openttdrs-v1-raster-48f4d9a9/diagnostics/in2x/diff.png",
      "sha256": "d236e989c28c867d525821d86aefd0b282932185fb13fe74218c0b312f8338b0"
    },
    "reference": {
      "path": "/tmp/openttdrs-v1-raster-48f4d9a9/diagnostics/in2x/reference.png",
      "sha256": "d025ab6d5c142207b33554378b4f298eb8fadba118cc5fc5b6af84693d99f7e6"
    }
  },
  "capture": {
    "candidate_graphics": "OpenGFX \u00b7 8bpp",
    "center": [
      132,
      2
    ],
    "openttd_zoom": "In2x",
    "openttdrs_orthographic_scale": 0.5,
    "pixel_tolerances": [
      0,
      2,
      4,
      8,
      16,
      32,
      64
    ],
    "profile": "clean-static",
    "reference_graphics": "OpenGFX 8.0 \u00b7 8bpp",
    "requested_resolution": [
      800,
      600
    ]
  },
  "hotspots": {
    "cell_size_px": 64,
    "cells_with_difference": 14,
    "meaning": "regiones de pantalla ordenadas por p\u00edxeles distintos; no implican una tesela \u00fanica porque sprites altos pueden cubrir varias teselas",
    "reported_cells": [
      {
        "bounds": [
          320,
          192,
          384,
          256
        ],
        "changed_pixels": 200,
        "changed_ratio": 0.048828125,
        "max_channel_delta": 53,
        "mean_channel_delta": 1.543212890625,
        "total_pixels": 4096
      },
      {
        "bounds": [
          192,
          256,
          256,
          320
        ],
        "changed_pixels": 188,
        "changed_ratio": 0.0458984375,
        "max_channel_delta": 53,
        "mean_channel_delta": 1.43115234375,
        "total_pixels": 4096
      },
      {
        "bounds": [
          256,
          192,
          320,
          256
        ],
        "changed_pixels": 180,
        "changed_ratio": 0.0439453125,
        "max_channel_delta": 53,
        "mean_channel_delta": 1.3828125,
        "total_pixels": 4096
      },
      {
        "bounds": [
          384,
          128,
          448,
          192
        ],
        "changed_pixels": 180,
        "changed_ratio": 0.0439453125,
        "max_channel_delta": 53,
        "mean_channel_delta": 1.376953125,
        "total_pixels": 4096
      },
      {
        "bounds": [
          384,
          192,
          448,
          256
        ],
        "changed_pixels": 40,
        "changed_ratio": 0.009765625,
        "max_channel_delta": 53,
        "mean_channel_delta": 0.246826171875,
        "total_pixels": 4096
      },
      {
        "bounds": [
          256,
          256,
          320,
          320
        ],
        "changed_pixels": 36,
        "changed_ratio": 0.0087890625,
        "max_channel_delta": 53,
        "mean_channel_delta": 0.231201171875,
        "total_pixels": 4096
      },
      {
        "bounds": [
          448,
          192,
          512,
          256
        ],
        "changed_pixels": 16,
        "changed_ratio": 0.00390625,
        "max_channel_delta": 33,
        "mean_channel_delta": 0.07080078125,
        "total_pixels": 4096
      },
      {
        "bounds": [
          320,
          256,
          384,
          320
        ],
        "changed_pixels": 16,
        "changed_ratio": 0.00390625,
        "max_channel_delta": 28,
        "mean_channel_delta": 0.0625,
        "total_pixels": 4096
      },
      {
        "bounds": [
          448,
          128,
          512,
          192
        ],
        "changed_pixels": 12,
        "changed_ratio": 0.0029296875,
        "max_channel_delta": 53,
        "mean_channel_delta": 0.112060546875,
        "total_pixels": 4096
      },
      {
        "bounds": [
          128,
          320,
          192,
          384
        ],
        "changed_pixels": 8,
        "changed_ratio": 0.001953125,
        "max_channel_delta": 84,
        "mean_channel_delta": 0.072998046875,
        "total_pixels": 4096
      },
      {
        "bounds": [
          448,
          256,
          512,
          320
        ],
        "changed_pixels": 4,
        "changed_ratio": 0.0009765625,
        "max_channel_delta": 101,
        "mean_channel_delta": 0.073486328125,
        "total_pixels": 4096
      },
      {
        "bounds": [
          256,
          320,
          320,
          384
        ],
        "changed_pixels": 4,
        "changed_ratio": 0.0009765625,
        "max_channel_delta": 84,
        "mean_channel_delta": 0.061279296875,
        "total_pixels": 4096
      },
      {
        "bounds": [
          192,
          320,
          256,
          384
        ],
        "changed_pixels": 4,
        "changed_ratio": 0.0009765625,
        "max_channel_delta": 48,
        "mean_channel_delta": 0.03515625,
        "total_pixels": 4096
      },
      {
        "bounds": [
          128,
          384,
          192,
          448
        ],
        "changed_pixels": 4,
        "changed_ratio": 0.0009765625,
        "max_channel_delta": 16,
        "mean_channel_delta": 0.01171875,
        "total_pixels": 4096
      }
    ],
    "truncated": false
  },
  "kind": "focused-world-screenshot",
  "metrics": {
    "aligned": {
      "by_pixel_tolerance": {
        "0": {
          "changed_pixels": 892,
          "changed_ratio": 0.0018583333333333334,
          "changed_ratio_in_overlap": 0.0018583333333333334,
          "meaning": "p\u00edxeles con delta m\u00e1ximo de canal > 0, incluyendo cobertura ausente",
          "outside_candidate_pixels": 0,
          "tolerance": 0
        },
        "16": {
          "changed_pixels": 884,
          "changed_ratio": 0.0018416666666666666,
          "changed_ratio_in_overlap": 0.0018416666666666666,
          "meaning": "p\u00edxeles con delta m\u00e1ximo de canal > 16, incluyendo cobertura ausente",
          "outside_candidate_pixels": 0,
          "tolerance": 16
        },
        "2": {
          "changed_pixels": 892,
          "changed_ratio": 0.0018583333333333334,
          "changed_ratio_in_overlap": 0.0018583333333333334,
          "meaning": "p\u00edxeles con delta m\u00e1ximo de canal > 2, incluyendo cobertura ausente",
          "outside_candidate_pixels": 0,
          "tolerance": 2
        },
        "32": {
          "changed_pixels": 776,
          "changed_ratio": 0.0016166666666666666,
          "changed_ratio_in_overlap": 0.0016166666666666666,
          "meaning": "p\u00edxeles con delta m\u00e1ximo de canal > 32, incluyendo cobertura ausente",
          "outside_candidate_pixels": 0,
          "tolerance": 32
        },
        "4": {
          "changed_pixels": 892,
          "changed_ratio": 0.0018583333333333334,
          "changed_ratio_in_overlap": 0.0018583333333333334,
          "meaning": "p\u00edxeles con delta m\u00e1ximo de canal > 4, incluyendo cobertura ausente",
          "outside_candidate_pixels": 0,
          "tolerance": 4
        },
        "64": {
          "changed_pixels": 12,
          "changed_ratio": 2.5e-05,
          "changed_ratio_in_overlap": 2.5e-05,
          "meaning": "p\u00edxeles con delta m\u00e1ximo de canal > 64, incluyendo cobertura ausente",
          "outside_candidate_pixels": 0,
          "tolerance": 64
        },
        "8": {
          "changed_pixels": 892,
          "changed_ratio": 0.0018583333333333334,
          "changed_ratio_in_overlap": 0.0018583333333333334,
          "meaning": "p\u00edxeles con delta m\u00e1ximo de canal > 8, incluyendo cobertura ausente",
          "outside_candidate_pixels": 0,
          "tolerance": 8
        }
      },
      "candidate_size": [
        800,
        600
      ],
      "candidate_translation": [
        0,
        0
      ],
      "changed_pixels": 892,
      "changed_ratio": 0.0018583333333333334,
      "changed_ratio_in_overlap": 0.0018583333333333334,
      "max_channel_delta": 101,
      "mean_channel_delta": 0.05727708333333333,
      "outside_candidate_pixels": 0,
      "overlap_pixels": 480000,
      "reference_size": [
        800,
        600
      ],
      "total_pixels": 480000
    },
    "raw": {
      "by_pixel_tolerance": {
        "0": {
          "changed_pixels": 892,
          "changed_ratio": 0.0018583333333333334,
          "changed_ratio_in_overlap": 0.0018583333333333334,
          "meaning": "p\u00edxeles con delta m\u00e1ximo de canal > 0, incluyendo cobertura ausente",
          "outside_candidate_pixels": 0,
          "tolerance": 0
        },
        "16": {
          "changed_pixels": 884,
          "changed_ratio": 0.0018416666666666666,
          "changed_ratio_in_overlap": 0.0018416666666666666,
          "meaning": "p\u00edxeles con delta m\u00e1ximo de canal > 16, incluyendo cobertura ausente",
          "outside_candidate_pixels": 0,
          "tolerance": 16
        },
        "2": {
          "changed_pixels": 892,
          "changed_ratio": 0.0018583333333333334,
          "changed_ratio_in_overlap": 0.0018583333333333334,
          "meaning": "p\u00edxeles con delta m\u00e1ximo de canal > 2, incluyendo cobertura ausente",
          "outside_candidate_pixels": 0,
          "tolerance": 2
        },
        "32": {
          "changed_pixels": 776,
          "changed_ratio": 0.0016166666666666666,
          "changed_ratio_in_overlap": 0.0016166666666666666,
          "meaning": "p\u00edxeles con delta m\u00e1ximo de canal > 32, incluyendo cobertura ausente",
          "outside_candidate_pixels": 0,
          "tolerance": 32
        },
        "4": {
          "changed_pixels": 892,
          "changed_ratio": 0.0018583333333333334,
          "changed_ratio_in_overlap": 0.0018583333333333334,
          "meaning": "p\u00edxeles con delta m\u00e1ximo de canal > 4, incluyendo cobertura ausente",
          "outside_candidate_pixels": 0,
          "tolerance": 4
        },
        "64": {
          "changed_pixels": 12,
          "changed_ratio": 2.5e-05,
          "changed_ratio_in_overlap": 2.5e-05,
          "meaning": "p\u00edxeles con delta m\u00e1ximo de canal > 64, incluyendo cobertura ausente",
          "outside_candidate_pixels": 0,
          "tolerance": 64
        },
        "8": {
          "changed_pixels": 892,
          "changed_ratio": 0.0018583333333333334,
          "changed_ratio_in_overlap": 0.0018583333333333334,
          "meaning": "p\u00edxeles con delta m\u00e1ximo de canal > 8, incluyendo cobertura ausente",
          "outside_candidate_pixels": 0,
          "tolerance": 8
        }
      },
      "candidate_size": [
        800,
        600
      ],
      "candidate_translation": [
        0,
        0
      ],
      "changed_pixels": 892,
      "changed_ratio": 0.0018583333333333334,
      "changed_ratio_in_overlap": 0.0018583333333333334,
      "max_channel_delta": 101,
      "mean_channel_delta": 0.05727708333333333,
      "outside_candidate_pixels": 0,
      "overlap_pixels": 480000,
      "reference_size": [
        800,
        600
      ],
      "total_pixels": 480000
    }
  },
  "save": {
    "path": "save/Kale_TitleGame.sav",
    "sha256": "584d98c3d1dc389e938ce92aa357cc4a1c179bf9849133f9b85d2e956f3e0a69"
  },
  "schema_version": 1,
  "status": "different"
}
OK: comparación focalizada escrita en /tmp/openttdrs-v1-raster-48f4d9a9/diagnostics/in2x
  referencia: /tmp/openttdrs-v1-raster-48f4d9a9/diagnostics/in2x/reference.png
  candidata:  /tmp/openttdrs-v1-raster-48f4d9a9/diagnostics/in2x/candidate.png
  diff:       /tmp/openttdrs-v1-raster-48f4d9a9/diagnostics/in2x/diff.png
  reporte:    /tmp/openttdrs-v1-raster-48f4d9a9/diagnostics/in2x/report.json
  tolerancias: 0,2,4,8,16,32,64
